adapter_clear_fault
adapter_inject_fault
adapter_measure
adapter_session_start
adapter_session_stop
adapter_set_value
adapters_list
artifact_upload
can_buses_list
can_read
can_send
can_session_start
can_session_stop
classify_last_error
com_ports_list
com_read
com_session_start
com_session_stop
com_write
debug_clear_breakpoints
debug_continue
debug_dump_symbol_ihex
debug_get_session_status
debug_get_stop_reason
debug_halt
debug_list_breakpoints
debug_set_breakpoint
debug_start_session
debug_stop_session
debug_symbol_info
debugger_info
debugger_probes_list
flash_firmware
get_last_report
probe_target
reset_target
